%!Adobe-FontList 1.22
%Locale:0x409

%BeginFont
Handler:DirectoryHandler
FontType:Invalid
OutlineFileName:C:\Users\Sebastian\Desktop\wunderbaum\Font\AUTHORS
FileModTime:1284207851
%EndFont

%BeginFont
Handler:DirectoryHandler
FontType:Invalid
OutlineFileName:C:\Users\Sebastian\Desktop\wunderbaum\Font\COPYING
FileModTime:1230728683
%EndFont

%BeginFont
Handler:DirectoryHandler
FontType:Invalid
OutlineFileName:C:\Users\Sebastian\Desktop\wunderbaum\Font\CREDITS
FileModTime:1284207851
%EndFont

%BeginFont
Handler:DirectoryHandler
FontType:Invalid
OutlineFileName:C:\Users\Sebastian\Desktop\wunderbaum\Font\ChangeLog
FileModTime:1284898507
%EndFont

%BeginFont
Handler:DirectoryHandler
FontType:Type1
FontName:FreeSans
FamilyName:FreeSans
StyleName:Medium
FullName:Free Sans
MenuName:FreeSans
StyleBits:0
WritingScript:Roman
OutlineFileName:C:\Users\Sebastian\Desktop\wunderbaum\Font\FreeSans.otf
DataFormat:sfntData
UsesStandardEncoding:yes
isCFF:yes
hasSVG:no
VariableFontType:NonVariableFont
FileLength:706688
FileModTime:1284895147
WeightClass:400
WidthClass:5
AngleClass:0
NameArray:0,Mac,4,Free Sans
NameArray:0,Win,1,FreeSans
%EndFont

%BeginFont
Handler:DirectoryHandler
FontType:TrueType
FontName:FreeSans
FamilyName:FreeSans
StyleName:Medium
FullName:Free Sans
MenuName:FreeSans
StyleBits:0
WritingScript:Roman
OutlineFileName:C:\Users\Sebastian\Desktop\wunderbaum\Font\FreeSans.ttf
DataFormat:sfntData
hasSVG:no
VariableFontType:NonVariableFont
FileLength:714456
FileModTime:1284895098
WeightClass:400
WidthClass:5
AngleClass:0
NameArray:0,Mac,4,Free Sans
NameArray:0,Win,1,FreeSans
%EndFont

%BeginFont
Handler:DirectoryHandler
FontType:Type1
FontName:FreeSansBold
FamilyName:FreeSans
StyleName:Bold
FullName:Free Sans Bold
MenuName:FreeSans
StyleBits:2
WritingScript:Roman
OutlineFileName:C:\Users\Sebastian\Desktop\wunderbaum\Font\FreeSansBold.otf
DataFormat:sfntData
UsesStandardEncoding:yes
isCFF:yes
hasSVG:no
VariableFontType:NonVariableFont
FileLength:366460
FileModTime:1284895145
WeightClass:700
WidthClass:5
AngleClass:0
NameArray:0,Mac,4,Free Sans Bold
NameArray:0,Win,1,FreeSans
%EndFont

%BeginFont
Handler:DirectoryHandler
FontType:TrueType
FontName:FreeSansBold
FamilyName:FreeSans
StyleName:Bold
FullName:Free Sans Bold
MenuName:FreeSans
StyleBits:2
WritingScript:Roman
OutlineFileName:C:\Users\Sebastian\Desktop\wunderbaum\Font\FreeSansBold.ttf
DataFormat:sfntData
hasSVG:no
VariableFontType:NonVariableFont
FileLength:359272
FileModTime:1284895082
WeightClass:700
WidthClass:5
AngleClass:0
NameArray:0,Mac,4,Free Sans Bold
NameArray:0,Win,1,FreeSans
%EndFont

%BeginFont
Handler:DirectoryHandler
FontType:Type1
FontName:FreeSansBoldOblique
FamilyName:FreeSans
StyleName:BoldOblique
FullName:Free Sans Bold Oblique
MenuName:FreeSans
StyleBits:3
WritingScript:Roman
OutlineFileName:C:\Users\Sebastian\Desktop\wunderbaum\Font\FreeSansBoldOblique.otf
DataFormat:sfntData
UsesStandardEncoding:yes
isCFF:yes
hasSVG:no
VariableFontType:NonVariableFont
FileLength:354040
FileModTime:1284895145
WeightClass:700
WidthClass:5
AngleClass:1
NameArray:0,Mac,4,Free Sans Bold Oblique
NameArray:0,Win,1,FreeSans
%EndFont

%BeginFont
Handler:DirectoryHandler
FontType:TrueType
FontName:FreeSansBoldOblique
FamilyName:FreeSans
StyleName:BoldOblique
FullName:Free Sans Bold Oblique
MenuName:FreeSans
StyleBits:3
WritingScript:Roman
OutlineFileName:C:\Users\Sebastian\Desktop\wunderbaum\Font\FreeSansBoldOblique.ttf
DataFormat:sfntData
hasSVG:no
VariableFontType:NonVariableFont
FileLength:301188
FileModTime:1284895080
WeightClass:700
WidthClass:5
AngleClass:1
NameArray:0,Mac,4,Free Sans Bold Oblique
NameArray:0,Win,1,FreeSans
%EndFont

%BeginFont
Handler:DirectoryHandler
FontType:Type1
FontName:FreeSansOblique
FamilyName:FreeSans
StyleName:Oblique
FullName:Free Sans Oblique
MenuName:FreeSans
StyleBits:1
WritingScript:Roman
OutlineFileName:C:\Users\Sebastian\Desktop\wunderbaum\Font\FreeSansOblique.otf
DataFormat:sfntData
UsesStandardEncoding:yes
isCFF:yes
hasSVG:no
VariableFontType:NonVariableFont
FileLength:494124
FileModTime:1284895146
WeightClass:400
WidthClass:5
AngleClass:1
NameArray:0,Mac,4,Free Sans Oblique
NameArray:0,Win,1,FreeSans
%EndFont

%BeginFont
Handler:DirectoryHandler
FontType:TrueType
FontName:FreeSansOblique
FamilyName:FreeSans
StyleName:Oblique
FullName:Free Sans Oblique
MenuName:FreeSans
StyleBits:1
WritingScript:Roman
OutlineFileName:C:\Users\Sebastian\Desktop\wunderbaum\Font\FreeSansOblique.ttf
DataFormat:sfntData
hasSVG:no
VariableFontType:NonVariableFont
FileLength:441432
FileModTime:1284895088
WeightClass:400
WidthClass:5
AngleClass:1
NameArray:0,Mac,4,Free Sans Oblique
NameArray:0,Win,1,FreeSans
%EndFont

%BeginFont
Handler:DirectoryHandler
FontType:Invalid
OutlineFileName:C:\Users\Sebastian\Desktop\wunderbaum\Font\INSTALL
FileModTime:1230294811
%EndFont

%BeginFont
Handler:DirectoryHandler
FontType:TrueType
FontName:NimbusSansBeckerPBla
FamilyName:Nimbus Sans Becker PBla
StyleName:Regular
FullName:Nimbus_Sans_Becker_PBla
MenuName:Nimbus Sans Becker PBla
StyleBits:0
WritingScript:Roman
OutlineFileName:C:\Users\Sebastian\Desktop\wunderbaum\Font\Nimbus Sans Becker PBla Regular.otf
DataFormat:sfntData
hasSVG:no
VariableFontType:NonVariableFont
FileLength:48964
FileModTime:1395514260
WeightClass:400
WidthClass:5
AngleClass:0
NameArray:0,Mac,4,Nimbus_Sans_Becker_PBla
NameArray:0,Win,1,Nimbus Sans Becker PBla
%EndFont

%BeginFont
Handler:DirectoryHandler
FontType:Invalid
OutlineFileName:C:\Users\Sebastian\Desktop\wunderbaum\Font\README
FileModTime:1231836203
%EndFont

%BeginFont
Handler:DirectoryHandler
FontType:Invalid
OutlineFileName:C:\Users\Sebastian\Desktop\wunderbaum\Font\ffonts.net.htm
FileModTime:1525683083
%EndFont

%BeginFont
Handler:DirectoryHandler
FontType:Invalid
OutlineFileName:C:\Users\Sebastian\Desktop\wunderbaum\Font\ffonts.net.txt
FileModTime:1525683062
%EndFont

%BeginFont
Handler:DirectoryHandler
FontType:Invalid
OutlineFileName:C:\Users\Sebastian\Desktop\wunderbaum\Font\install-a-new-font.txt
FileModTime:1239800189
%EndFont

%BeginFont
Handler:DirectoryHandler
FontType:Invalid
OutlineFileName:C:\Users\Sebastian\Desktop\wunderbaum\Font\quick_tips.html
FileModTime:1525427519
%EndFont

